[
  {
    "t": "om",
    "norenordno": "23112400485194",
    "uid": "FA175610",
    "actid": "FA175610",
    "exch": "NSE",
    "tsym": "BANDHANBNK-EQ",
    "trantype": "S",
    "qty": "1",
    "prc": "0.00",
    "pcode": "B",
    "remarks": "BO:trainer.strategies.gspcV2:NSE_BANDHANBNK:0",
    "status": "PENDING",
    "reporttype": "NewAck",
    "prctyp": "MKT",
    "ret": "DAY",
    "exchordid": "",
    "dscqty": "0",
    "blprc": "4.30",
    "bpprc": "1.65",
    "tp_order_num": "0",
    "tp_order_type": "ENTRY_LEG",
    "exch_tm": null,
    "flqty": null,
    "flprc": null,
    "flid": null,
    "fltm": null,
    "fillshares": null,
    "avgprc": null,
    "trgprc": null,
    "snonum": null,
    "snoordt": null
  },
  {
    "t": "om",
    "norenordno": "23112400485194",
    "uid": "FA175610",
    "actid": "FA175610",
    "exch": "NSE",
    "tsym": "BANDHANBNK-EQ",
    "trantype": "S",
    "qty": "1",
    "prc": "0.00",
    "pcode": "B",
    "remarks": "BO:trainer.strategies.gspcV2:NSE_BANDHANBNK:0",
    "status": "PENDING",
    "reporttype": "PendingNew",
    "prctyp": "MKT",
    "ret": "DAY",
    "exchordid": "",
    "dscqty": "0",
    "blprc": "4.30",
    "bpprc": "1.65",
    "tp_order_num": "0",
    "tp_order_type": "ENTRY_LEG",
    "exch_tm": null,
    "flqty": null,
    "flprc": null,
    "flid": null,
    "fltm": null,
    "fillshares": null,
    "avgprc": null,
    "trgprc": null,
    "snonum": null,
    "snoordt": null
  },
  {
    "t": "om",
    "norenordno": "23112400485194",
    "uid": "FA175610",
    "actid": "FA175610",
    "exch": "NSE",
    "tsym": "BANDHANBNK-EQ",
    "trantype": "S",
    "qty": "1",
    "prc": "0.00",
    "pcode": "B",
    "remarks": "BO:trainer.strategies.gspcV2:NSE_BANDHANBNK:0",
    "status": "OPEN",
    "reporttype": "New",
    "prctyp": "MKT",
    "ret": "DAY",
    "exchordid": "1000000023229978",
    "dscqty": "0",
    "blprc": "4.30",
    "bpprc": "1.65",
    "tp_order_num": "0",
    "tp_order_type": "ENTRY_LEG",
    "exch_tm": "24-11-2023 13:55:05",
    "flqty": null,
    "flprc": null,
    "flid": null,
    "fltm": null,
    "fillshares": null,
    "avgprc": null,
    "trgprc": null,
    "snonum": null,
    "snoordt": null
  },
  {
    "t": "om",
    "norenordno": "23112400485194",
    "uid": "FA175610",
    "actid": "FA175610",
    "exch": "NSE",
    "tsym": "BANDHANBNK-EQ",
    "trantype": "S",
    "qty": "1",
    "prc": "0.00",
    "pcode": "B",
    "remarks": "BO:trainer.strategies.gspcV2:NSE_BANDHANBNK:0",
    "status": "COMPLETE",
    "reporttype": "Fill",
    "prctyp": "MKT",
    "ret": "DAY",
    "exchordid": "1000000023229978",
    "dscqty": "0",
    "blprc": "4.30",
    "bpprc": "1.65",
    "tp_order_num": "0",
    "tp_order_type": "ENTRY_LEG",
    "exch_tm": "24-11-2023 13:55:05",
    "flqty": "1",
    "flprc": "213.85",
    "flid": "3495220",
    "fltm": "24-11-2023 13:55:05",
    "fillshares": "1",
    "avgprc": "213.85",
    "trgprc": null,
    "snonum": null,
    "snoordt": null
  },
  {
    "t": "om",
    "norenordno": "23112400485195",
    "uid": "FA175610",
    "actid": "FA175610",
    "exch": "NSE",
    "tsym": "BANDHANBNK-EQ",
    "trantype": "B",
    "qty": "1",
    "prc": "220.25",
    "pcode": "B",
    "remarks": "BO:trainer.strategies.gspcV2:NSE_BANDHANBNK:0",
    "status": "PENDING",
    "reporttype": "NewAck",
    "prctyp": "SL-LMT",
    "ret": "DAY",
    "exchordid": "",
    "dscqty": "0",
    "blprc": null,
    "bpprc": null,
    "tp_order_num": "0",
    "tp_order_type": "SL_LEG",
    "exch_tm": null,
    "flqty": null,
    "flprc": null,
    "flid": null,
    "fltm": null,
    "fillshares": null,
    "avgprc": null,
    "trgprc": "218.15",
    "snonum": "23112400485194",
    "snoordt": "1"
  },
  {
    "t": "om",
    "norenordno": "23112400485196",
    "uid": "FA175610",
    "actid": "FA175610",
    "exch": "NSE",
    "tsym": "BANDHANBNK-EQ",
    "trantype": "B",
    "qty": "1",
    "prc": "212.20",
    "pcode": "B",
    "remarks": "BO:trainer.strategies.gspcV2:NSE_BANDHANBNK:0",
    "status": "PENDING",
    "reporttype": "NewAck",
    "prctyp": "LMT",
    "ret": "DAY",
    "exchordid": "",
    "dscqty": "0",
    "blprc": null,
    "bpprc": null,
    "tp_order_num": "0",
    "tp_order_type": "TARGET_LEG",
    "exch_tm": null,
    "flqty": null,
    "flprc": null,
    "flid": null,
    "fltm": null,
    "fillshares": null,
    "avgprc": null,
    "trgprc": null,
    "snonum": "23112400485194",
    "snoordt": "0"
  },
  {
    "t": "om",
    "norenordno": "23112400485195",
    "uid": "FA175610",
    "actid": "FA175610",
    "exch": "NSE",
    "tsym": "BANDHANBNK-EQ",
    "trantype": "B",
    "qty": "1",
    "prc": "220.25",
    "pcode": "B",
    "remarks": "BO:trainer.strategies.gspcV2:NSE_BANDHANBNK:0",
    "status": "PENDING",
    "reporttype": "PendingNew",
    "prctyp": "SL-LMT",
    "ret": "DAY",
    "exchordid": "",
    "dscqty": "0",
    "blprc": null,
    "bpprc": null,
    "tp_order_num": "0",
    "tp_order_type": "SL_LEG",
    "exch_tm": null,
    "flqty": null,
    "flprc": null,
    "flid": null,
    "fltm": null,
    "fillshares": null,
    "avgprc": null,
    "trgprc": "218.15",
    "snonum": "23112400485194",
    "snoordt": "1"
  },
  {
    "t": "om",
    "norenordno": "23112400485196",
    "uid": "FA175610",
    "actid": "FA175610",
    "exch": "NSE",
    "tsym": "BANDHANBNK-EQ",
    "trantype": "B",
    "qty": "1",
    "prc": "212.20",
    "pcode": "B",
    "remarks": "BO:trainer.strategies.gspcV2:NSE_BANDHANBNK:0",
    "status": "PENDING",
    "reporttype": "PendingNew",
    "prctyp": "LMT",
    "ret": "DAY",
    "exchordid": "",
    "dscqty": "0",
    "blprc": null,
    "bpprc": null,
    "tp_order_num": "0",
    "tp_order_type": "TARGET_LEG",
    "exch_tm": null,
    "flqty": null,
    "flprc": null,
    "flid": null,
    "fltm": null,
    "fillshares": null,
    "avgprc": null,
    "trgprc": null,
    "snonum": "23112400485194",
    "snoordt": "0"
  },
  {
    "t": "om",
    "norenordno": "23112400485195",
    "uid": "FA175610",
    "actid": "FA175610",
    "exch": "NSE",
    "tsym": "BANDHANBNK-EQ",
    "trantype": "B",
    "qty": "1",
    "prc": "220.25",
    "pcode": "B",
    "remarks": "BO:trainer.strategies.gspcV2:NSE_BANDHANBNK:0",
    "status": "TRIGGER_PENDING",
    "reporttype": "TriggerPending",
    "prctyp": "SL-LMT",
    "ret": "DAY",
    "exchordid": "1000000023229994",
    "dscqty": "0",
    "blprc": null,
    "bpprc": null,
    "tp_order_num": "0",
    "tp_order_type": "SL_LEG",
    "exch_tm": "24-11-2023 13:55:05",
    "flqty": null,
    "flprc": null,
    "flid": null,
    "fltm": null,
    "fillshares": null,
    "avgprc": null,
    "trgprc": "218.15",
    "snonum": "23112400485194",
    "snoordt": "1"
  },
  {
    "t": "om",
    "norenordno": "23112400485196",
    "uid": "FA175610",
    "actid": "FA175610",
    "exch": "NSE",
    "tsym": "BANDHANBNK-EQ",
    "trantype": "B",
    "qty": "1",
    "prc": "212.20",
    "pcode": "B",
    "remarks": "BO:trainer.strategies.gspcV2:NSE_BANDHANBNK:0",
    "status": "OPEN",
    "reporttype": "New",
    "prctyp": "LMT",
    "ret": "DAY",
    "exchordid": "1000000023229997",
    "dscqty": "0",
    "blprc": null,
    "bpprc": null,
    "tp_order_num": "0",
    "tp_order_type": "TARGET_LEG",
    "exch_tm": "24-11-2023 13:55:05",
    "flqty": null,
    "flprc": null,
    "flid": null,
    "fltm": null,
    "fillshares": null,
    "avgprc": null,
    "trgprc": null,
    "snonum": "23112400485194",
    "snoordt": "0"
  }
]